#
# There is insufficient memory for the Java Runtime Environment to continue.
# Native memory allocation (malloc) failed to allocate 32744 bytes. Error detail: ChunkPool::allocate
# Possible reasons:
#   The system is out of physical RAM or swap space
#   This process is running with CompressedOops enabled, and the Java Heap may be blocking the growth of the native heap
# Possible solutions:
#   Reduce memory load on the system
#   Increase physical memory or swap space
#   Check if swap backing store is full
#   Decrease Java heap size (-Xmx/-Xms)
#   Decrease number of Java threads
#   Decrease Java thread stack sizes (-Xss)
#   Set larger code cache with -XX:ReservedCodeCacheSize=
#   JVM is running with Zero Based Compressed Oops mode in which the Java heap is
#     placed in the first 32GB address space. The Java Heap base address is the
#     maximum limit for the native heap growth. Please use -XX:HeapBaseMinAddress
#     to set the Java Heap base and to place the Java Heap above 32GB virtual address.
# This output file may be truncated or incomplete.
#
#  Out of Memory Error (arena.cpp:79), pid=48460, tid=39724
#
# JRE version: OpenJDK Runtime Environment Temurin-17.0.18+8 (17.0.18+8) (build 17.0.18+8)
# Java VM: OpenJDK 64-Bit Server VM Temurin-17.0.18+8 (17.0.18+8, mixed mode, sharing, tiered, compressed oops, compressed class ptrs, g1 gc, windows-amd64)
# No core dump will be written. Minidumps are not enabled by default on client versions of Windows
#

---------------  S U M M A R Y ------------

Command Line: -javaagent:D:\Program Files\JetBrains\IntelliJ IDEA 2025.3.3\lib\idea_rt.jar=52473 -Dfile.encoding=UTF-8 WordGraph

Host: Intel(R) Core(TM) i9-14900HX, 32 cores, 15G,  Windows 11 , 64 bit Build 22621 (10.0.22621.2506)
Time: Tue Mar 17 11:11:10 2026  Windows 11 , 64 bit Build 22621 (10.0.22621.2506) elapsed time: 35.182461 seconds (0d 0h 0m 35s)

---------------  T H R E A D  ---------------

Current thread (0x0000014c3898b860):  JavaThread "C2 CompilerThread0" daemon [_thread_in_native, id=39724, stack(0x00000023dd900000,0x00000023dda00000)]


Current CompileTask:
C2:35182 1667       4       java.io.ObjectOutputStream$HandleTable::lookup (56 bytes)

Stack: [0x00000023dd900000,0x00000023dda00000]
Native frames: (J=compiled Java code, j=interpreted, Vv=VM code, C=native code)
V  [jvm.dll+0x6846f9]
V  [jvm.dll+0x839ea5]
V  [jvm.dll+0x83b91e]
V  [jvm.dll+0x83bfa3]
V  [jvm.dll+0x248eff]
V  [jvm.dll+0xad69e]
V  [jvm.dll+0xadb3c]
V  [jvm.dll+0x11ebd5]
V  [jvm.dll+0x6ae11f]
V  [jvm.dll+0x1bc4ca]
V  [jvm.dll+0x219f10]
V  [jvm.dll+0x219200]
V  [jvm.dll+0x1a4920]
V  [jvm.dll+0x22989a]
V  [jvm.dll+0x227a4b]
V  [jvm.dll+0x7f0658]
V  [jvm.dll+0x7eaaec]
V  [jvm.dll+0x6835c7]
C  [ucrtbase.dll+0x29363]
C  [KERNEL32.DLL+0x1257d]
C  [ntdll.dll+0x5aa58]


---------------  P R O C E S S  ---------------

Threads class SMR info:
_java_thread_list=0x0000014c7ef1e400, length=17, elements={
0x0000014c139a3260, 0x0000014c37e38270, 0x0000014c37e38ef0, 0x0000014c38989010,
0x0000014c389898e0, 0x0000014c3898a1b0, 0x0000014c3898ab70, 0x0000014c3898b860,
0x0000014c3898c310, 0x0000014c3898ed20, 0x0000014c38aebf60, 0x0000014c38b8a680,
0x0000014c38b8ab60, 0x0000014c7e0b5870, 0x0000014c7e0c2f40, 0x0000014c7e0af3a0,
0x0000014c7e0b0090
}

Java Threads: ( => current thread )
  0x0000014c139a3260 JavaThread "main" [_thread_in_native, id=29332, stack(0x00000023dcc00000,0x00000023dcd00000)]
  0x0000014c37e38270 JavaThread "Reference Handler" daemon [_thread_blocked, id=24968, stack(0x00000023dd300000,0x00000023dd400000)]
  0x0000014c37e38ef0 JavaThread "Finalizer" daemon [_thread_blocked, id=2252, stack(0x00000023dd400000,0x00000023dd500000)]
  0x0000014c38989010 JavaThread "Signal Dispatcher" daemon [_thread_blocked, id=42300, stack(0x00000023dd500000,0x00000023dd600000)]
  0x0000014c389898e0 JavaThread "Attach Listener" daemon [_thread_blocked, id=45028, stack(0x00000023dd600000,0x00000023dd700000)]
  0x0000014c3898a1b0 JavaThread "Service Thread" daemon [_thread_blocked, id=52096, stack(0x00000023dd700000,0x00000023dd800000)]
  0x0000014c3898ab70 JavaThread "Monitor Deflation Thread" daemon [_thread_blocked, id=38332, stack(0x00000023dd800000,0x00000023dd900000)]
=>0x0000014c3898b860 JavaThread "C2 CompilerThread0" daemon [_thread_in_native, id=39724, stack(0x00000023dd900000,0x00000023dda00000)]
  0x0000014c3898c310 JavaThread "C1 CompilerThread0" daemon [_thread_blocked, id=8864, stack(0x00000023dda00000,0x00000023ddb00000)]
  0x0000014c3898ed20 JavaThread "Sweeper thread" daemon [_thread_blocked, id=32896, stack(0x00000023ddb00000,0x00000023ddc00000)]
  0x0000014c38aebf60 JavaThread "Common-Cleaner" daemon [_thread_blocked, id=37456, stack(0x00000023dde00000,0x00000023ddf00000)]
  0x0000014c38b8a680 JavaThread "Monitor Ctrl-Break" daemon [_thread_in_native, id=916, stack(0x00000023de000000,0x00000023de100000)]
  0x0000014c38b8ab60 JavaThread "Notification Thread" daemon [_thread_blocked, id=18572, stack(0x00000023de100000,0x00000023de200000)]
  0x0000014c7e0b5870 JavaThread "RMI TCP Accept-0" daemon [_thread_in_native, id=14660, stack(0x00000023de300000,0x00000023de400000)]
  0x0000014c7e0c2f40 JavaThread "RMI TCP Connection(1)-10.68.12.249" daemon [_thread_in_native, id=32572, stack(0x00000023de400000,0x00000023de500000)]
  0x0000014c7e0af3a0 JavaThread "RMI Scheduler(0)" daemon [_thread_blocked, id=49920, stack(0x00000023de500000,0x00000023de600000)]
  0x0000014c7e0b0090 JavaThread "JMX server connection timeout 31" daemon [_thread_blocked, id=34328, stack(0x00000023de600000,0x00000023de700000)]

Other Threads:
  0x0000014c37e34ce0 VMThread "VM Thread" [stack: 0x00000023dd200000,0x00000023dd300000] [id=24144]
  0x0000014c38ba6f70 WatcherThread [stack: 0x00000023de200000,0x00000023de300000] [id=25100]
  0x0000014c13a13bd0 GCTaskThread "GC Thread#0" [stack: 0x00000023dcd00000,0x00000023dce00000] [id=18060]
  0x0000014c7e3bb770 GCTaskThread "GC Thread#1" [stack: 0x00000023deb00000,0x00000023dec00000] [id=48468]
  0x0000014c7e3bb4b0 GCTaskThread "GC Thread#2" [stack: 0x00000023dec00000,0x00000023ded00000] [id=23176]
  0x0000014c7e3bc270 GCTaskThread "GC Thread#3" [stack: 0x00000023ded00000,0x00000023dee00000] [id=50732]
  0x0000014c7e3bba30 GCTaskThread "GC Thread#4" [stack: 0x00000023dee00000,0x00000023def00000] [id=31156]
  0x0000014c7e3bcab0 GCTaskThread "GC Thread#5" [stack: 0x00000023def00000,0x00000023df000000] [id=32224]
  0x0000014c7e3bbcf0 GCTaskThread "GC Thread#6" [stack: 0x00000023df000000,0x00000023df100000] [id=32688]
  0x0000014c7e3bb1f0 GCTaskThread "GC Thread#7" [stack: 0x00000023df100000,0x00000023df200000] [id=4560]
  0x0000014c7e3bc7f0 GCTaskThread "GC Thread#8" [stack: 0x00000023df200000,0x00000023df300000] [id=47560]
  0x0000014c7e3bbfb0 GCTaskThread "GC Thread#9" [stack: 0x00000023df300000,0x00000023df400000] [id=42268]
  0x0000014c13a245f0 ConcurrentGCThread "G1 Main Marker" [stack: 0x00000023dce00000,0x00000023dcf00000] [id=42724]
  0x0000014c13a26020 ConcurrentGCThread "G1 Conc#0" [stack: 0x00000023dcf00000,0x00000023dd000000] [id=47956]
  0x0000014c37d6be50 ConcurrentGCThread "G1 Refine#0" [stack: 0x00000023dd000000,0x00000023dd100000] [id=42648]
  0x0000014c37d6e790 ConcurrentGCThread "G1 Service" [stack: 0x00000023dd100000,0x00000023dd200000] [id=51656]

Threads with active compile tasks:
C2 CompilerThread0  35235 1667       4       java.io.ObjectOutputStream$HandleTable::lookup (56 bytes)

VM state: not at safepoint (normal execution)

VM Mutex/Monitor currently owned by a thread: None

Heap address: 0x0000000705e00000, size: 4002 MB, Compressed Oops mode: Zero based, Oop shift amount: 3

CDS archive(s) mapped at: [0x0000014c39000000-0x0000014c39bb0000-0x0000014c39bb0000), size 12255232, SharedBaseAddress: 0x0000014c39000000, ArchiveRelocationMode: 1.
Compressed class space mapped at: 0x0000014c3a000000-0x0000014c7a000000, reserved size: 1073741824
Narrow klass base: 0x0000014c39000000, Narrow klass shift: 0, Narrow klass range: 0x100000000

GC Precious Log:
 CPUs: 32 total, 32 available
 Memory: 16002M
 Large Page Support: Disabled
 NUMA Support: Disabled
 Compressed Oops: Enabled (Zero based)
 Heap Region Size: 2M
 Heap Min Capacity: 8M
 Heap Initial Capacity: 252M
 Heap Max Capacity: 4002M
 Pre-touch: Disabled
 Parallel Workers: 23
 Concurrent Workers: 6
 Concurrent Refinement Workers: 23
 Periodic GC: Disabled

Heap:
 garbage-first heap   total 258048K, used 74395K [0x0000000705e00000, 0x0000000800000000)
  region size 2048K, 32 young (65536K), 3 survivors (6144K)
 Metaspace       used 6583K, committed 6784K, reserved 1114112K
  class space    used 692K, committed 768K, reserved 1048576K

Heap Regions: E=young(eden), S=young(survivor), O=old, HS=humongous(starts), HC=humongous(continues), CS=collection set, F=free, OA=open archive, CA=closed archive, TAMS=top-at-mark-start (previous, next)
|   0|0x0000000705e00000, 0x0000000706000000, 0x0000000706000000|100%| O|  |TAMS 0x0000000705e00000, 0x0000000705e00000| Untracked 
|   1|0x0000000706000000, 0x000000070611f400, 0x0000000706200000| 56%| O|  |TAMS 0x0000000706000000, 0x0000000706000000| Untracked 
|   2|0x0000000706200000, 0x0000000706400000, 0x0000000706400000|100%|HS|  |TAMS 0x0000000706200000, 0x0000000706200000| Complete 
|   3|0x0000000706400000, 0x0000000706600000, 0x0000000706600000|100%|HS|  |TAMS 0x0000000706400000, 0x0000000706400000| Complete 
|   4|0x0000000706600000, 0x0000000706800000, 0x0000000706800000|100%|HC|  |TAMS 0x0000000706600000, 0x0000000706600000| Complete 
|   5|0x0000000706800000, 0x0000000706a00000, 0x0000000706a00000|100%|HS|  |TAMS 0x0000000706800000, 0x0000000706800000| Complete 
|   6|0x0000000706a00000, 0x0000000706a00000, 0x0000000706c00000|  0%| F|  |TAMS 0x0000000706a00000, 0x0000000706a00000| Untracked 
|   7|0x0000000706c00000, 0x0000000706c00000, 0x0000000706e00000|  0%| F|  |TAMS 0x0000000706c00000, 0x0000000706c00000| Untracked 
|   8|0x0000000706e00000, 0x0000000706e00000, 0x0000000707000000|  0%| F|  |TAMS 0x0000000706e00000, 0x0000000706e00000| Untracked 
|   9|0x0000000707000000, 0x0000000707000000, 0x0000000707200000|  0%| F|  |TAMS 0x0000000707000000, 0x0000000707000000| Untracked 
|  10|0x0000000707200000, 0x0000000707200000, 0x0000000707400000|  0%| F|  |TAMS 0x0000000707200000, 0x0000000707200000| Untracked 
|  11|0x0000000707400000, 0x0000000707400000, 0x0000000707600000|  0%| F|  |TAMS 0x0000000707400000, 0x0000000707400000| Untracked 
|  12|0x0000000707600000, 0x0000000707600000, 0x0000000707800000|  0%| F|  |TAMS 0x0000000707600000, 0x0000000707600000| Untracked 
|  13|0x0000000707800000, 0x0000000707800000, 0x0000000707a00000|  0%| F|  |TAMS 0x0000000707800000, 0x0000000707800000| Untracked 
|  14|0x0000000707a00000, 0x0000000707a00000, 0x0000000707c00000|  0%| F|  |TAMS 0x0000000707a00000, 0x0000000707a00000| Untracked 
|  15|0x0000000707c00000, 0x0000000707c00000, 0x0000000707e00000|  0%| F|  |TAMS 0x0000000707c00000, 0x0000000707c00000| Untracked 
|  16|0x0000000707e00000, 0x0000000707e00000, 0x0000000708000000|  0%| F|  |TAMS 0x0000000707e00000, 0x0000000707e00000| Untracked 
|  17|0x0000000708000000, 0x0000000708000000, 0x0000000708200000|  0%| F|  |TAMS 0x0000000708000000, 0x0000000708000000| Untracked 
|  18|0x0000000708200000, 0x0000000708200000, 0x0000000708400000|  0%| F|  |TAMS 0x0000000708200000, 0x0000000708200000| Untracked 
|  19|0x0000000708400000, 0x0000000708400000, 0x0000000708600000|  0%| F|  |TAMS 0x0000000708400000, 0x0000000708400000| Untracked 
|  20|0x0000000708600000, 0x0000000708600000, 0x0000000708800000|  0%| F|  |TAMS 0x0000000708600000, 0x0000000708600000| Untracked 
|  21|0x0000000708800000, 0x0000000708800000, 0x0000000708a00000|  0%| F|  |TAMS 0x0000000708800000, 0x0000000708800000| Untracked 
|  22|0x0000000708a00000, 0x0000000708a00000, 0x0000000708c00000|  0%| F|  |TAMS 0x0000000708a00000, 0x0000000708a00000| Untracked 
|  23|0x0000000708c00000, 0x0000000708c00000, 0x0000000708e00000|  0%| F|  |TAMS 0x0000000708c00000, 0x0000000708c00000| Untracked 
|  24|0x0000000708e00000, 0x0000000708e00000, 0x0000000709000000|  0%| F|  |TAMS 0x0000000708e00000, 0x0000000708e00000| Untracked 
|  25|0x0000000709000000, 0x0000000709000000, 0x0000000709200000|  0%| F|  |TAMS 0x0000000709000000, 0x0000000709000000| Untracked 
|  26|0x0000000709200000, 0x0000000709200000, 0x0000000709400000|  0%| F|  |TAMS 0x0000000709200000, 0x0000000709200000| Untracked 
|  27|0x0000000709400000, 0x0000000709400000, 0x0000000709600000|  0%| F|  |TAMS 0x0000000709400000, 0x0000000709400000| Untracked 
|  28|0x0000000709600000, 0x0000000709600000, 0x0000000709800000|  0%| F|  |TAMS 0x0000000709600000, 0x0000000709600000| Untracked 
|  29|0x0000000709800000, 0x0000000709800000, 0x0000000709a00000|  0%| F|  |TAMS 0x0000000709800000, 0x0000000709800000| Untracked 
|  30|0x0000000709a00000, 0x0000000709a00000, 0x0000000709c00000|  0%| F|  |TAMS 0x0000000709a00000, 0x0000000709a00000| Untracked 
|  31|0x0000000709c00000, 0x0000000709c00000, 0x0000000709e00000|  0%| F|  |TAMS 0x0000000709c00000, 0x0000000709c00000| Untracked 
|  32|0x0000000709e00000, 0x0000000709e00000, 0x000000070a000000|  0%| F|  |TAMS 0x0000000709e00000, 0x0000000709e00000| Untracked 
|  33|0x000000070a000000, 0x000000070a000000, 0x000000070a200000|  0%| F|  |TAMS 0x000000070a000000, 0x000000070a000000| Untracked 
|  34|0x000000070a200000, 0x000000070a200000, 0x000000070a400000|  0%| F|  |TAMS 0x000000070a200000, 0x000000070a200000| Untracked 
|  35|0x000000070a400000, 0x000000070a400000, 0x000000070a600000|  0%| F|  |TAMS 0x000000070a400000, 0x000000070a400000| Untracked 
|  36|0x000000070a600000, 0x000000070a600000, 0x000000070a800000|  0%| F|  |TAMS 0x000000070a600000, 0x000000070a600000| Untracked 
|  37|0x000000070a800000, 0x000000070a800000, 0x000000070aa00000|  0%| F|  |TAMS 0x000000070a800000, 0x000000070a800000| Untracked 
|  38|0x000000070aa00000, 0x000000070aa00000, 0x000000070ac00000|  0%| F|  |TAMS 0x000000070aa00000, 0x000000070aa00000| Untracked 
|  39|0x000000070ac00000, 0x000000070ac00000, 0x000000070ae00000|  0%| F|  |TAMS 0x000000070ac00000, 0x000000070ac00000| Untracked 
|  40|0x000000070ae00000, 0x000000070ae00000, 0x000000070b000000|  0%| F|  |TAMS 0x000000070ae00000, 0x000000070ae00000| Untracked 
|  41|0x000000070b000000, 0x000000070b000000, 0x000000070b200000|  0%| F|  |TAMS 0x000000070b000000, 0x000000070b000000| Untracked 
|  42|0x000000070b200000, 0x000000070b200000, 0x000000070b400000|  0%| F|  |TAMS 0x000000070b200000, 0x000000070b200000| Untracked 
|  43|0x000000070b400000, 0x000000070b400000, 0x000000070b600000|  0%| F|  |TAMS 0x000000070b400000, 0x000000070b400000| Untracked 
|  44|0x000000070b600000, 0x000000070b600000, 0x000000070b800000|  0%| F|  |TAMS 0x000000070b600000, 0x000000070b600000| Untracked 
|  45|0x000000070b800000, 0x000000070b800000, 0x000000070ba00000|  0%| F|  |TAMS 0x000000070b800000, 0x000000070b800000| Untracked 
|  46|0x000000070ba00000, 0x000000070ba00000, 0x000000070bc00000|  0%| F|  |TAMS 0x000000070ba00000, 0x000000070ba00000| Untracked 
|  47|0x000000070bc00000, 0x000000070bc00000, 0x000000070be00000|  0%| F|  |TAMS 0x000000070bc00000, 0x000000070bc00000| Untracked 
|  48|0x000000070be00000, 0x000000070be00000, 0x000000070c000000|  0%| F|  |TAMS 0x000000070be00000, 0x000000070be00000| Untracked 
|  49|0x000000070c000000, 0x000000070c000000, 0x000000070c200000|  0%| F|  |TAMS 0x000000070c000000, 0x000000070c000000| Untracked 
|  50|0x000000070c200000, 0x000000070c200000, 0x000000070c400000|  0%| F|  |TAMS 0x000000070c200000, 0x000000070c200000| Untracked 
|  51|0x000000070c400000, 0x000000070c400000, 0x000000070c600000|  0%| F|  |TAMS 0x000000070c400000, 0x000000070c400000| Untracked 
|  52|0x000000070c600000, 0x000000070c600000, 0x000000070c800000|  0%| F|  |TAMS 0x000000070c600000, 0x000000070c600000| Untracked 
|  53|0x000000070c800000, 0x000000070c800000, 0x000000070ca00000|  0%| F|  |TAMS 0x000000070c800000, 0x000000070c800000| Untracked 
|  54|0x000000070ca00000, 0x000000070ca00000, 0x000000070cc00000|  0%| F|  |TAMS 0x000000070ca00000, 0x000000070ca00000| Untracked 
|  55|0x000000070cc00000, 0x000000070cc00000, 0x000000070ce00000|  0%| F|  |TAMS 0x000000070cc00000, 0x000000070cc00000| Untracked 
|  56|0x000000070ce00000, 0x000000070ce00000, 0x000000070d000000|  0%| F|  |TAMS 0x000000070ce00000, 0x000000070ce00000| Untracked 
|  57|0x000000070d000000, 0x000000070d000000, 0x000000070d200000|  0%| F|  |TAMS 0x000000070d000000, 0x000000070d000000| Untracked 
|  58|0x000000070d200000, 0x000000070d200000, 0x000000070d400000|  0%| F|  |TAMS 0x000000070d200000, 0x000000070d200000| Untracked 
|  59|0x000000070d400000, 0x000000070d400000, 0x000000070d600000|  0%| F|  |TAMS 0x000000070d400000, 0x000000070d400000| Untracked 
|  60|0x000000070d600000, 0x000000070d600000, 0x000000070d800000|  0%| F|  |TAMS 0x000000070d600000, 0x000000070d600000| Untracked 
|  61|0x000000070d800000, 0x000000070d800000, 0x000000070da00000|  0%| F|  |TAMS 0x000000070d800000, 0x000000070d800000| Untracked 
|  62|0x000000070da00000, 0x000000070da00000, 0x000000070dc00000|  0%| F|  |TAMS 0x000000070da00000, 0x000000070da00000| Untracked 
|  63|0x000000070dc00000, 0x000000070dc00000, 0x000000070de00000|  0%| F|  |TAMS 0x000000070dc00000, 0x000000070dc00000| Untracked 
|  64|0x000000070de00000, 0x000000070de00000, 0x000000070e000000|  0%| F|  |TAMS 0x000000070de00000, 0x000000070de00000| Untracked 
|  65|0x000000070e000000, 0x000000070e000000, 0x000000070e200000|  0%| F|  |TAMS 0x000000070e000000, 0x000000070e000000| Untracked 
|  66|0x000000070e200000, 0x000000070e200000, 0x000000070e400000|  0%| F|  |TAMS 0x000000070e200000, 0x000000070e200000| Untracked 
|  67|0x000000070e400000, 0x000000070e400000, 0x000000070e600000|  0%| F|  |TAMS 0x000000070e400000, 0x000000070e400000| Untracked 
|  68|0x000000070e600000, 0x000000070e600000, 0x000000070e800000|  0%| F|  |TAMS 0x000000070e600000, 0x000000070e600000| Untracked 
|  69|0x000000070e800000, 0x000000070e800000, 0x000000070ea00000|  0%| F|  |TAMS 0x000000070e800000, 0x000000070e800000| Untracked 
|  70|0x000000070ea00000, 0x000000070ea00000, 0x000000070ec00000|  0%| F|  |TAMS 0x000000070ea00000, 0x000000070ea00000| Untracked 
|  71|0x000000070ec00000, 0x000000070ec00000, 0x000000070ee00000|  0%| F|  |TAMS 0x000000070ec00000, 0x000000070ec00000| Untracked 
|  72|0x000000070ee00000, 0x000000070ee00000, 0x000000070f000000|  0%| F|  |TAMS 0x000000070ee00000, 0x000000070ee00000| Untracked 
|  73|0x000000070f000000, 0x000000070f000000, 0x000000070f200000|  0%| F|  |TAMS 0x000000070f000000, 0x000000070f000000| Untracked 
|  74|0x000000070f200000, 0x000000070f200000, 0x000000070f400000|  0%| F|  |TAMS 0x000000070f200000, 0x000000070f200000| Untracked 
|  75|0x000000070f400000, 0x000000070f400000, 0x000000070f600000|  0%| F|  |TAMS 0x000000070f400000, 0x000000070f400000| Untracked 
|  76|0x000000070f600000, 0x000000070f600000, 0x000000070f800000|  0%| F|  |TAMS 0x000000070f600000, 0x000000070f600000| Untracked 
|  77|0x000000070f800000, 0x000000070f800000, 0x000000070fa00000|  0%| F|  |TAMS 0x000000070f800000, 0x000000070f800000| Untracked 
|  78|0x000000070fa00000, 0x000000070fa00000, 0x000000070fc00000|  0%| F|  |TAMS 0x000000070fa00000, 0x000000070fa00000| Untracked 
|  79|0x000000070fc00000, 0x000000070fc00000, 0x000000070fe00000|  0%| F|  |TAMS 0x000000070fc00000, 0x000000070fc00000| Untracked 
|  80|0x000000070fe00000, 0x000000070fe00000, 0x0000000710000000|  0%| F|  |TAMS 0x000000070fe00000, 0x000000070fe00000| Untracked 
|  81|0x0000000710000000, 0x0000000710000000, 0x0000000710200000|  0%| F|  |TAMS 0x0000000710000000, 0x0000000710000000| Untracked 
|  82|0x0000000710200000, 0x0000000710200000, 0x0000000710400000|  0%| F|  |TAMS 0x0000000710200000, 0x0000000710200000| Untracked 
|  83|0x0000000710400000, 0x0000000710400000, 0x0000000710600000|  0%| F|  |TAMS 0x0000000710400000, 0x0000000710400000| Untracked 
|  84|0x0000000710600000, 0x0000000710600000, 0x0000000710800000|  0%| F|  |TAMS 0x0000000710600000, 0x0000000710600000| Untracked 
|  85|0x0000000710800000, 0x0000000710800000, 0x0000000710a00000|  0%| F|  |TAMS 0x0000000710800000, 0x0000000710800000| Untracked 
|  86|0x0000000710a00000, 0x0000000710a00000, 0x0000000710c00000|  0%| F|  |TAMS 0x0000000710a00000, 0x0000000710a00000| Untracked 
|  87|0x0000000710c00000, 0x0000000710c00000, 0x0000000710e00000|  0%| F|  |TAMS 0x0000000710c00000, 0x0000000710c00000| Untracked 
|  88|0x0000000710e00000, 0x0000000710e00000, 0x0000000711000000|  0%| F|  |TAMS 0x0000000710e00000, 0x0000000710e00000| Untracked 
|  89|0x0000000711000000, 0x0000000711000000, 0x0000000711200000|  0%| F|  |TAMS 0x0000000711000000, 0x0000000711000000| Untracked 
|  90|0x0000000711200000, 0x0000000711200000, 0x0000000711400000|  0%| F|  |TAMS 0x0000000711200000, 0x0000000711200000| Untracked 
|  91|0x0000000711400000, 0x0000000711400000, 0x0000000711600000|  0%| F|  |TAMS 0x0000000711400000, 0x0000000711400000| Untracked 
|  92|0x0000000711600000, 0x0000000711600000, 0x0000000711800000|  0%| F|  |TAMS 0x0000000711600000, 0x0000000711600000| Untracked 
|  93|0x0000000711800000, 0x0000000711800000, 0x0000000711a00000|  0%| F|  |TAMS 0x0000000711800000, 0x0000000711800000| Untracked 
|  94|0x0000000711a00000, 0x0000000711b244c0, 0x0000000711c00000| 57%| E|  |TAMS 0x0000000711a00000, 0x0000000711a00000| Complete 
|  95|0x0000000711c00000, 0x0000000711e00000, 0x0000000711e00000|100%| E|CS|TAMS 0x0000000711c00000, 0x0000000711c00000| Complete 
|  96|0x0000000711e00000, 0x0000000712000000, 0x0000000712000000|100%| E|CS|TAMS 0x0000000711e00000, 0x0000000711e00000| Complete 
|  97|0x0000000712000000, 0x0000000712200000, 0x0000000712200000|100%| E|CS|TAMS 0x0000000712000000, 0x0000000712000000| Complete 
|  98|0x0000000712200000, 0x0000000712400000, 0x0000000712400000|100%| E|CS|TAMS 0x0000000712200000, 0x0000000712200000| Complete 
|  99|0x0000000712400000, 0x0000000712600000, 0x0000000712600000|100%| E|CS|TAMS 0x0000000712400000, 0x0000000712400000| Complete 
| 100|0x0000000712600000, 0x0000000712800000, 0x0000000712800000|100%| E|CS|TAMS 0x0000000712600000, 0x0000000712600000| Complete 
| 101|0x0000000712800000, 0x0000000712a00000, 0x0000000712a00000|100%| E|CS|TAMS 0x0000000712800000, 0x0000000712800000| Complete 
| 102|0x0000000712a00000, 0x0000000712c00000, 0x0000000712c00000|100%| E|CS|TAMS 0x0000000712a00000, 0x0000000712a00000| Complete 
| 103|0x0000000712c00000, 0x0000000712e00000, 0x0000000712e00000|100%| E|CS|TAMS 0x0000000712c00000, 0x0000000712c00000| Complete 
| 104|0x0000000712e00000, 0x0000000713000000, 0x0000000713000000|100%| E|CS|TAMS 0x0000000712e00000, 0x0000000712e00000| Complete 
| 105|0x0000000713000000, 0x0000000713200000, 0x0000000713200000|100%| E|CS|TAMS 0x0000000713000000, 0x0000000713000000| Complete 
| 106|0x0000000713200000, 0x0000000713387950, 0x0000000713400000| 76%| S|CS|TAMS 0x0000000713200000, 0x0000000713200000| Complete 
| 107|0x0000000713400000, 0x0000000713600000, 0x0000000713600000|100%| S|CS|TAMS 0x0000000713400000, 0x0000000713400000| Complete 
| 108|0x0000000713600000, 0x0000000713800000, 0x0000000713800000|100%| S|CS|TAMS 0x0000000713600000, 0x0000000713600000| Complete 
| 109|0x0000000713800000, 0x0000000713a00000, 0x0000000713a00000|100%| E|CS|TAMS 0x0000000713800000, 0x0000000713800000| Complete 
| 110|0x0000000713a00000, 0x0000000713c00000, 0x0000000713c00000|100%| E|CS|TAMS 0x0000000713a00000, 0x0000000713a00000| Complete 
| 111|0x0000000713c00000, 0x0000000713e00000, 0x0000000713e00000|100%| E|CS|TAMS 0x0000000713c00000, 0x0000000713c00000| Complete 
| 112|0x0000000713e00000, 0x0000000714000000, 0x0000000714000000|100%| E|CS|TAMS 0x0000000713e00000, 0x0000000713e00000| Complete 
| 113|0x0000000714000000, 0x0000000714200000, 0x0000000714200000|100%| E|CS|TAMS 0x0000000714000000, 0x0000000714000000| Complete 
| 114|0x0000000714200000, 0x0000000714400000, 0x0000000714400000|100%| E|CS|TAMS 0x0000000714200000, 0x0000000714200000| Complete 
| 115|0x0000000714400000, 0x0000000714600000, 0x0000000714600000|100%| E|CS|TAMS 0x0000000714400000, 0x0000000714400000| Complete 
| 116|0x0000000714600000, 0x0000000714800000, 0x0000000714800000|100%| E|CS|TAMS 0x0000000714600000, 0x0000000714600000| Complete 
| 117|0x0000000714800000, 0x0000000714a00000, 0x0000000714a00000|100%| E|CS|TAMS 0x0000000714800000, 0x0000000714800000| Complete 
| 118|0x0000000714a00000, 0x0000000714c00000, 0x0000000714c00000|100%| E|CS|TAMS 0x0000000714a00000, 0x0000000714a00000| Complete 
| 119|0x0000000714c00000, 0x0000000714e00000, 0x0000000714e00000|100%| E|CS|TAMS 0x0000000714c00000, 0x0000000714c00000| Complete 
| 120|0x0000000714e00000, 0x0000000715000000, 0x0000000715000000|100%| E|CS|TAMS 0x0000000714e00000, 0x0000000714e00000| Complete 
| 121|0x0000000715000000, 0x0000000715200000, 0x0000000715200000|100%| E|CS|TAMS 0x0000000715000000, 0x0000000715000000| Complete 
| 122|0x0000000715200000, 0x0000000715400000, 0x0000000715400000|100%| E|CS|TAMS 0x0000000715200000, 0x0000000715200000| Complete 
| 123|0x0000000715400000, 0x0000000715600000, 0x0000000715600000|100%| E|CS|TAMS 0x0000000715400000, 0x0000000715400000| Complete 
| 124|0x0000000715600000, 0x0000000715800000, 0x0000000715800000|100%| E|CS|TAMS 0x0000000715600000, 0x0000000715600000| Complete 
| 125|0x0000000715800000, 0x0000000715a00000, 0x0000000715a00000|100%| E|CS|TAMS 0x0000000715800000, 0x0000000715800000| Complete 

Card table byte_map: [0x0000014c2c050000,0x0000014c2c830000] _byte_map_base: 0x0000014c28821000

Marking Bits (Prev, Next): (CMBitMap*) 0x0000014c13a141f0, (CMBitMap*) 0x0000014c13a14230
 Prev Bits: [0x0000014c2d010000, 0x0000014c30e98000)
 Next Bits: [0x0000014c30ea0000, 0x0000014c34d28000)

Polling page: 0x0000014c11970000

Metaspace:

Usage:
  Non-class:      5.75 MB used.
      Class:    692.30 KB used.
       Both:      6.43 MB used.

Virtual space:
  Non-class space:       64.00 MB reserved,       5.88 MB (  9%) committed,  1 nodes.
      Class space:        1.00 GB reserved,     768.00 KB ( <1%) committed,  1 nodes.
             Both:        1.06 GB reserved,       6.62 MB ( <1%) committed. 

Chunk freelists:
   Non-Class:  10.09 MB
       Class:  15.19 MB
        Both:  25.29 MB

MaxMetaspaceSize: unlimited
CompressedClassSpaceSize: 1.00 GB
Initial GC threshold: 21.00 MB
Current GC threshold: 21.00 MB
CDS: on
MetaspaceReclaimPolicy: balanced
 - commit_granule_bytes: 65536.
 - commit_granule_words: 8192.
 - virtual_space_node_default_size: 8388608.
 - enlarge_chunks_in_place: 1.
 - new_chunks_are_fully_committed: 0.
 - uncommit_free_chunks: 1.
 - use_allocation_guard: 0.
 - handle_deallocations: 1.


Internal statistics:

num_allocs_failed_limit: 0.
num_arena_births: 188.
num_arena_deaths: 0.
num_vsnodes_births: 2.
num_vsnodes_deaths: 0.
num_space_committed: 106.
num_space_uncommitted: 0.
num_chunks_returned_to_freelist: 0.
num_chunks_taken_from_freelist: 254.
num_chunk_merges: 0.
num_chunk_splits: 143.
num_chunks_enlarged: 51.
num_inconsistent_stats: 0.

CodeHeap 'non-profiled nmethods': size=118848Kb used=786Kb max_used=786Kb free=118061Kb
 bounds [0x0000014c23100000, 0x0000014c23370000, 0x0000014c2a510000]
CodeHeap 'profiled nmethods': size=118848Kb used=2855Kb max_used=2855Kb free=115993Kb
 bounds [0x0000014c1b510000, 0x0000014c1b7e0000, 0x0000014c22920000]
CodeHeap 'non-nmethods': size=8064Kb used=1177Kb max_used=3474Kb free=6886Kb
 bounds [0x0000014c22920000, 0x0000014c22c90000, 0x0000014c23100000]
 total_blobs=2138 nmethods=1666 adapters=385
 compilation: enabled
              stopped_count=0, restarted_count=0
 full_count=0

Compilation events (20 events):
Event: 29.120 Thread 0x0000014c3898c310 nmethod 1657 0x0000014c1b7d5490 code [0x0000014c1b7d5640, 0x0000014c1b7d57a8]
Event: 29.123 Thread 0x0000014c3898c310 1658       3       java.io.SerialCallbackContext::getObj (9 bytes)
Event: 29.123 Thread 0x0000014c3898c310 nmethod 1658 0x0000014c1b7d5890 code [0x0000014c1b7d5a40, 0x0000014c1b7d5cc8]
Event: 29.123 Thread 0x0000014c3898c310 1659       3       java.io.SerialCallbackContext::checkAndSetUsed (26 bytes)
Event: 29.123 Thread 0x0000014c3898c310 nmethod 1659 0x0000014c1b7d5e10 code [0x0000014c1b7d5fc0, 0x0000014c1b7d61e8]
Event: 30.126 Thread 0x0000014c3898c310 1660       3       java.io.ObjectInputStream::readNull (27 bytes)
Event: 30.128 Thread 0x0000014c3898c310 nmethod 1660 0x0000014c1b7d6290 code [0x0000014c1b7d6480, 0x0000014c1b7d67e8]
Event: 30.128 Thread 0x0000014c3898c310 1661       3       java.io.ObjectInputStream::checkResolve (86 bytes)
Event: 30.129 Thread 0x0000014c3898c310 nmethod 1661 0x0000014c1b7d6990 code [0x0000014c1b7d6b60, 0x0000014c1b7d7058]
Event: 30.166 Thread 0x0000014c3898c310 1662       3       com.sun.jmx.mbeanserver.DefaultMXBeanMappingFactory$IdentityMapping::toNonNullOpenValue (2 bytes)
Event: 30.166 Thread 0x0000014c3898c310 nmethod 1662 0x0000014c1b7d7210 code [0x0000014c1b7d73a0, 0x0000014c1b7d74b8]
Event: 30.177 Thread 0x0000014c3898c310 1663   !   3       java.io.ObjectInputStream$ValidationList::doCallbacks (58 bytes)
Event: 30.178 Thread 0x0000014c3898c310 nmethod 1663 0x0000014c1b7d7590 code [0x0000014c1b7d7780, 0x0000014c1b7d7cc8]
Event: 30.178 Thread 0x0000014c3898c310 1664       3       sun.rmi.transport.tcp.TCPConnection::getOutputStream (30 bytes)
Event: 30.178 Thread 0x0000014c3898c310 nmethod 1664 0x0000014c1b7d8010 code [0x0000014c1b7d8200, 0x0000014c1b7d8928]
Event: 34.076 Thread 0x0000014c3898c310 1665       3       java.io.ObjectOutputStream$BlockDataOutputStream::writeBlockHeader (70 bytes)
Event: 34.094 Thread 0x0000014c3898c310 nmethod 1665 0x0000014c1b7d8b90 code [0x0000014c1b7d8d80, 0x0000014c1b7d9188]
Event: 35.094 Thread 0x0000014c3898c310 1666       3       java.lang.Class::forName (47 bytes)
Event: 35.100 Thread 0x0000014c3898c310 nmethod 1666 0x0000014c1b7d9310 code [0x0000014c1b7d9500, 0x0000014c1b7d99e8]
Event: 35.136 Thread 0x0000014c3898b860 1667       4       java.io.ObjectOutputStream$HandleTable::lookup (56 bytes)

GC Heap History (4 events):
Event: 9.081 GC heap before
{Heap before GC invocations=0 (full 0):
 garbage-first heap   total 258048K, used 22528K [0x0000000705e00000, 0x0000000800000000)
  region size 2048K, 11 young (22528K), 0 survivors (0K)
 Metaspace       used 6113K, committed 6336K, reserved 1114112K
  class space    used 672K, committed 768K, reserved 1048576K
}
Event: 9.083 GC heap after
{Heap after GC invocations=1 (full 0):
 garbage-first heap   total 258048K, used 3943K [0x0000000705e00000, 0x0000000800000000)
  region size 2048K, 2 young (4096K), 2 survivors (4096K)
 Metaspace       used 6113K, committed 6336K, reserved 1114112K
  class space    used 672K, committed 768K, reserved 1048576K
}
Event: 13.040 GC heap before
{Heap before GC invocations=1 (full 0):
 garbage-first heap   total 258048K, used 32615K [0x0000000705e00000, 0x0000000800000000)
  region size 2048K, 17 young (34816K), 2 survivors (4096K)
 Metaspace       used 6292K, committed 6528K, reserved 1114112K
  class space    used 675K, committed 768K, reserved 1048576K
}
Event: 13.044 GC heap after
{Heap after GC invocations=2 (full 0):
 garbage-first heap   total 258048K, used 8859K [0x0000000705e00000, 0x0000000800000000)
  region size 2048K, 3 young (6144K), 3 survivors (6144K)
 Metaspace       used 6292K, committed 6528K, reserved 1114112K
  class space    used 675K, committed 768K, reserved 1048576K
}

Dll operation events (11 events):
Event: 0.006 Loaded shared library C:\Program Files\Eclipse Adoptium\jdk-17.0.18.8-hotspot\bin\java.dll
Event: 0.017 Loaded shared library C:\Program Files\Eclipse Adoptium\jdk-17.0.18.8-hotspot\bin\jsvml.dll
Event: 0.042 Loaded shared library C:\Program Files\Eclipse Adoptium\jdk-17.0.18.8-hotspot\bin\zip.dll
Event: 0.044 Loaded shared library C:\Program Files\Eclipse Adoptium\jdk-17.0.18.8-hotspot\bin\instrument.dll
Event: 0.047 Loaded shared library C:\Program Files\Eclipse Adoptium\jdk-17.0.18.8-hotspot\bin\net.dll
Event: 0.048 Loaded shared library C:\Program Files\Eclipse Adoptium\jdk-17.0.18.8-hotspot\bin\nio.dll
Event: 0.050 Loaded shared library C:\Program Files\Eclipse Adoptium\jdk-17.0.18.8-hotspot\bin\zip.dll
Event: 0.057 Loaded shared library C:\Program Files\Eclipse Adoptium\jdk-17.0.18.8-hotspot\bin\extnet.dll
Event: 0.057 Loaded shared library C:\Program Files\Eclipse Adoptium\jdk-17.0.18.8-hotspot\bin\jimage.dll
Event: 0.081 Loaded shared library C:\Program Files\Eclipse Adoptium\jdk-17.0.18.8-hotspot\bin\management.dll
Event: 0.085 Loaded shared library C:\Program Files\Eclipse Adoptium\jdk-17.0.18.8-hotspot\bin\management_ext.dll

Deoptimization events (20 events):
Event: 13.115 Thread 0x0000014c139a3260 DEOPT PACKING pc=0x0000014c1b7793f7 sp=0x00000023dccfe990
Event: 13.115 Thread 0x0000014c139a3260 DEOPT UNPACKING pc=0x0000014c22977143 sp=0x00000023dccfde00 mode 0
Event: 13.115 Thread 0x0000014c139a3260 DEOPT PACKING pc=0x0000014c1b7793f7 sp=0x00000023dccfe990
Event: 13.115 Thread 0x0000014c139a3260 DEOPT UNPACKING pc=0x0000014c22977143 sp=0x00000023dccfde00 mode 0
Event: 13.115 Thread 0x0000014c139a3260 DEOPT PACKING pc=0x0000014c1b7793f7 sp=0x00000023dccfe990
Event: 13.115 Thread 0x0000014c139a3260 DEOPT UNPACKING pc=0x0000014c22977143 sp=0x00000023dccfde00 mode 0
Event: 13.115 Thread 0x0000014c139a3260 DEOPT PACKING pc=0x0000014c1b7793f7 sp=0x00000023dccfe990
Event: 13.115 Thread 0x0000014c139a3260 DEOPT UNPACKING pc=0x0000014c22977143 sp=0x00000023dccfde00 mode 0
Event: 13.116 Thread 0x0000014c139a3260 DEOPT PACKING pc=0x0000014c1b7793f7 sp=0x00000023dccfe990
Event: 13.116 Thread 0x0000014c139a3260 DEOPT UNPACKING pc=0x0000014c22977143 sp=0x00000023dccfde00 mode 0
Event: 13.116 Thread 0x0000014c139a3260 DEOPT PACKING pc=0x0000014c1b7793f7 sp=0x00000023dccfe990
Event: 13.116 Thread 0x0000014c139a3260 DEOPT UNPACKING pc=0x0000014c22977143 sp=0x00000023dccfde00 mode 0
Event: 13.116 Thread 0x0000014c139a3260 DEOPT PACKING pc=0x0000014c1b7793f7 sp=0x00000023dccfe990
Event: 13.116 Thread 0x0000014c139a3260 DEOPT UNPACKING pc=0x0000014c22977143 sp=0x00000023dccfde00 mode 0
Event: 13.116 Thread 0x0000014c139a3260 DEOPT PACKING pc=0x0000014c1b7793f7 sp=0x00000023dccfe990
Event: 13.116 Thread 0x0000014c139a3260 DEOPT UNPACKING pc=0x0000014c22977143 sp=0x00000023dccfde00 mode 0
Event: 13.174 Thread 0x0000014c7e0c2f40 Uncommon trap: trap_request=0xffffff45 fr.pc=0x0000014c2318e454 relative=0x0000000000000234
Event: 13.174 Thread 0x0000014c7e0c2f40 Uncommon trap: reason=unstable_if action=reinterpret pc=0x0000014c2318e454 method=java.lang.Long.getChars(JI[B)I @ 29 c2
Event: 13.174 Thread 0x0000014c7e0c2f40 DEOPT PACKING pc=0x0000014c2318e454 sp=0x00000023de4fe120
Event: 13.174 Thread 0x0000014c7e0c2f40 DEOPT UNPACKING pc=0x0000014c229769a3 sp=0x00000023de4fe098 mode 2

Classes loaded (20 events):
Event: 13.117 Loading class java/lang/ProcessEnvironment$NameComparator
Event: 13.117 Loading class java/lang/ProcessEnvironment$NameComparator done
Event: 13.117 Loading class java/lang/ProcessEnvironment$EntryComparator
Event: 13.117 Loading class java/lang/ProcessEnvironment$EntryComparator done
Event: 13.117 Loading class java/lang/ProcessEnvironment$CheckedEntrySet
Event: 13.117 Loading class java/lang/ProcessEnvironment$CheckedEntrySet done
Event: 13.117 Loading class java/lang/ProcessEnvironment$CheckedEntrySet$1
Event: 13.117 Loading class java/lang/ProcessEnvironment$CheckedEntrySet$1 done
Event: 13.117 Loading class java/lang/ProcessEnvironment$CheckedEntry
Event: 13.117 Loading class java/lang/ProcessEnvironment$CheckedEntry done
Event: 13.123 Loading class java/lang/ProcessHandleImpl
Event: 13.123 Loading class java/lang/ProcessHandle
Event: 13.123 Loading class java/lang/ProcessHandle done
Event: 13.123 Loading class java/lang/ProcessHandleImpl done
Event: 13.124 Loading class java/lang/ProcessImpl$2
Event: 13.124 Loading class java/lang/ProcessImpl$2 done
Event: 13.124 Loading class java/lang/Process$PipeInputStream
Event: 13.124 Loading class java/lang/Process$PipeInputStream done
Event: 13.124 Loading class jdk/internal/event/ProcessStartEvent
Event: 13.124 Loading class jdk/internal/event/ProcessStartEvent done

Classes unloaded (0 events):
No events

Classes redefined (0 events):
No events

Internal exceptions (17 events):
Event: 0.053 Thread 0x0000014c38b8a680 Exception <a 'java/lang/NoSuchMethodError'{0x0000000715756468}: 'java.lang.Object java.lang.invoke.DirectMethodHandle$Holder.invokeStaticInit(java.lang.Object)'> (0x0000000715756468) 
thrown [s\src\hotspot\share\interpreter\linkResolver.cpp, line 759]
Event: 0.058 Thread 0x0000014c38b8a680 Exception <a 'java/lang/NoSuchMethodError'{0x0000000715764ee0}: 'void java.lang.invoke.DirectMethodHandle$Holder.invokeStatic(java.lang.Object, java.lang.Object)'> (0x0000000715764ee0) 
thrown [s\src\hotspot\share\interpreter\linkResolver.cpp, line 759]
Event: 0.087 Thread 0x0000014c389898e0 Exception <a 'java/lang/NoSuchMethodError'{0x000000071553e128}: 'int java.lang.invoke.DirectMethodHandle$Holder.invokeInterface(java.lang.Object, java.lang.Object)'> (0x000000071553e128) 
thrown [s\src\hotspot\share\interpreter\linkResolver.cpp, line 759]
Event: 0.087 Thread 0x0000014c389898e0 Exception <a 'java/lang/IncompatibleClassChangeError'{0x0000000715541728}: Found class java.lang.Object, but interface was expected> (0x0000000715541728) 
thrown [s\src\hotspot\share\interpreter\linkResolver.cpp, line 826]
Event: 0.111 Thread 0x0000014c389898e0 Exception <a 'java/lang/NoSuchMethodError'{0x000000071520c010}: 'int java.lang.invoke.DirectMethodHandle$Holder.invokeSpecial(java.lang.Object, java.lang.Object, java.lang.Object)'> (0x000000071520c010) 
thrown [s\src\hotspot\share\interpreter\linkResolver.cpp, line 759]
Event: 0.132 Thread 0x0000014c389898e0 Exception <a 'java/lang/NoSuchMethodError'{0x00000007152ff2a8}: 'void java.lang.invoke.DirectMethodHandle$Holder.invokeStatic(java.lang.Object, java.lang.Object, java.lang.Object)'> (0x00000007152ff2a8) 
thrown [s\src\hotspot\share\interpreter\linkResolver.cpp, line 759]
Event: 0.149 Thread 0x0000014c389898e0 Exception <a 'java/lang/NoSuchMethodError'{0x00000007153aa8f0}: 'java.lang.Object java.lang.invoke.DirectMethodHandle$Holder.invokeStaticInit(java.lang.Object, int, int, int, int)'> (0x00000007153aa8f0) 
thrown [s\src\hotspot\share\interpreter\linkResolver.cpp, line 759]
Event: 0.192 Thread 0x0000014c389898e0 Exception <a 'java/lang/NoSuchMethodError'{0x0000000715067408}: 'java.lang.Object java.lang.invoke.DirectMethodHandle$Holder.invokeStaticInit(java.lang.Object, java.lang.Object, int, int, int, int)'> (0x0000000715067408) 
thrown [s\src\hotspot\share\interpreter\linkResolver.cpp, line 759]
Event: 0.200 Thread 0x0000014c389898e0 Exception <a 'java/lang/ClassNotFoundException'{0x0000000715085b48}: javax/management/remote/rmi/RMIServerImpl_Skel> (0x0000000715085b48) 
thrown [s\src\hotspot\share\classfile\systemDictionary.cpp, line 256]
Event: 0.229 Thread 0x0000014c7e0c2f40 Exception <a 'java/lang/NoSuchMethodError'{0x00000007151b98f8}: static [B.<clinit>()V> (0x00000007151b98f8) 
thrown [s\src\hotspot\share\prims\jni.cpp, line 1112]
Event: 0.232 Thread 0x0000014c7e0c2f40 Exception <a 'java/lang/ClassNotFoundException'{0x0000000714e18300}: javax/management/remote/rmi/RMIConnectionImpl_Skel> (0x0000000714e18300) 
thrown [s\src\hotspot\share\classfile\systemDictionary.cpp, line 256]
Event: 0.233 Thread 0x0000014c7e0b0090 Exception <a 'java/lang/NoSuchMethodError'{0x0000000714e8e148}: 'java.lang.Object java.lang.invoke.Invokers$Holder.linkToTargetMethod(java.lang.Object, long, java.lang.Object)'> (0x0000000714e8e148) 
thrown [s\src\hotspot\share\interpreter\linkResolver.cpp, line 759]
Event: 13.122 Thread 0x0000014c139a3260 Exception <a 'java/lang/NoSuchMethodError'{0x0000000711f63ec0}: 'void java.lang.invoke.DirectMethodHandle$Holder.invokeStatic(java.lang.Object, long)'> (0x0000000711f63ec0) 
thrown [s\src\hotspot\share\interpreter\linkResolver.cpp, line 759]
Event: 13.123 Thread 0x0000014c139a3260 Exception <a 'java/lang/NoSuchMethodError'{0x0000000711f69268}: 'java.lang.Object java.lang.invoke.DirectMethodHandle$Holder.newInvokeSpecial(java.lang.Object, long)'> (0x0000000711f69268) 
thrown [s\src\hotspot\share\interpreter\linkResolver.cpp, line 759]
Event: 13.124 Thread 0x0000014c139a3260 Exception <a 'java/lang/NoSuchMethodError'{0x0000000711f6f988}: 'java.lang.Object java.lang.invoke.DirectMethodHandle$Holder.invokeStatic(java.lang.Object, java.lang.Object, long, java.lang.Object)'> (0x0000000711f6f988) 
thrown [s\src\hotspot\share\interpreter\linkResolver.cpp, line 759]
Event: 13.124 Thread 0x0000014c139a3260 Exception <a 'java/lang/NoSuchMethodError'{0x0000000711f73178}: 'java.lang.Object java.lang.invoke.DirectMethodHandle$Holder.invokeStaticInit(java.lang.Object, java.lang.Object, long, java.lang.Object)'> (0x0000000711f73178) 
thrown [s\src\hotspot\share\interpreter\linkResolver.cpp, line 759]
Event: 13.124 Thread 0x0000014c139a3260 Exception <a 'java/lang/NoSuchMethodError'{0x0000000711f794e0}: 'java.lang.Object java.lang.invoke.DirectMethodHandle$Holder.newInvokeSpecial(java.lang.Object, java.lang.Object, long)'> (0x0000000711f794e0) 
thrown [s\src\hotspot\share\interpreter\linkResolver.cpp, line 759]

VM Operations (20 events):
Event: 10.093 Executing VM operation: Cleanup
Event: 10.093 Executing VM operation: Cleanup done
Event: 13.040 Executing VM operation: G1CollectForAllocation
Event: 13.044 Executing VM operation: G1CollectForAllocation done
Event: 13.117 Executing VM operation: HandshakeAllThreads
Event: 13.117 Executing VM operation: HandshakeAllThreads done
Event: 14.131 Executing VM operation: Cleanup
Event: 14.131 Executing VM operation: Cleanup done
Event: 16.157 Executing VM operation: Cleanup
Event: 16.157 Executing VM operation: Cleanup done
Event: 17.172 Executing VM operation: Cleanup
Event: 17.172 Executing VM operation: Cleanup done
Event: 19.201 Executing VM operation: Cleanup
Event: 19.201 Executing VM operation: Cleanup done
Event: 24.234 Executing VM operation: Cleanup
Event: 24.234 Executing VM operation: Cleanup done
Event: 26.243 Executing VM operation: Cleanup
Event: 26.243 Executing VM operation: Cleanup done
Event: 27.258 Executing VM operation: Cleanup
Event: 27.258 Executing VM operation: Cleanup done

Memory protections (0 events):
No events

Nmethod flushes (0 events):
No events

Events (20 events):
Event: 10.004 Thread 0x0000014c7e4d9180 Thread exited: 0x0000014c7e4d9180
Event: 10.005 Thread 0x0000014c7e4d4dc0 Thread exited: 0x0000014c7e4d4dc0
Event: 10.005 Thread 0x0000014c7e4d96a0 Thread exited: 0x0000014c7e4d96a0
Event: 10.005 Thread 0x0000014c7e4d8c60 Thread exited: 0x0000014c7e4d8c60
Event: 11.050 Thread 0x0000014c7e4ce810 Thread exited: 0x0000014c7e4ce810
Event: 12.129 Thread 0x0000014c38a4f690 Thread exited: 0x0000014c38a4f690
Event: 13.005 Thread 0x0000014c3898c310 Thread added: 0x0000014c7e4ce810
Event: 13.006 Thread 0x0000014c3898c310 Thread added: 0x0000014c7eee7010
Event: 13.007 Thread 0x0000014c3898c310 Thread added: 0x0000014c7f0cf540
Event: 13.007 Thread 0x0000014c3898c310 Thread added: 0x0000014c7f2f9010
Event: 13.014 Thread 0x0000014c7f0cf540 Thread added: 0x0000014c7f1eb540
Event: 13.017 Thread 0x0000014c7e4ce810 Thread added: 0x0000014c7edc0890
Event: 13.019 Thread 0x0000014c7f2f9010 Thread added: 0x0000014c7f0e0440
Event: 14.222 Thread 0x0000014c7f0e0440 Thread exited: 0x0000014c7f0e0440
Event: 14.222 Thread 0x0000014c7edc0890 Thread exited: 0x0000014c7edc0890
Event: 14.222 Thread 0x0000014c7f1eb540 Thread exited: 0x0000014c7f1eb540
Event: 15.277 Thread 0x0000014c7f2f9010 Thread exited: 0x0000014c7f2f9010
Event: 15.277 Thread 0x0000014c7f0cf540 Thread exited: 0x0000014c7f0cf540
Event: 19.508 Thread 0x0000014c7eee7010 Thread exited: 0x0000014c7eee7010
Event: 20.558 Thread 0x0000014c7e4ce810 Thread exited: 0x0000014c7e4ce810


Dynamic libraries:
0x00007ff7c3050000 - 0x00007ff7c305e000 	C:\Program Files\Eclipse Adoptium\jdk-17.0.18.8-hotspot\bin\java.exe
0x00007ffae0190000 - 0x00007ffae03a7000 	C:\Windows\SYSTEM32\ntdll.dll
0x00007ffadef70000 - 0x00007ffadf034000 	C:\Windows\System32\KERNEL32.DLL
0x00007ffaddb40000 - 0x00007ffaddee7000 	C:\Windows\System32\KERNELBASE.dll
0x00007ffadd860000 - 0x00007ffadd971000 	C:\Windows\System32\ucrtbase.dll
0x00007ffab6fc0000 - 0x00007ffab6fd8000 	C:\Program Files\Eclipse Adoptium\jdk-17.0.18.8-hotspot\bin\jli.dll
0x00007ffad3dc0000 - 0x00007ffad3dde000 	C:\Program Files\Eclipse Adoptium\jdk-17.0.18.8-hotspot\bin\VCRUNTIME140.dll
0x00007ffaddef0000 - 0x00007ffade09e000 	C:\Windows\System32\USER32.dll
0x00007ffadd980000 - 0x00007ffadd9a6000 	C:\Windows\System32\win32u.dll
0x00007ffadf780000 - 0x00007ffadf7a9000 	C:\Windows\System32\GDI32.dll
0x00007ffadda20000 - 0x00007ffaddb39000 	C:\Windows\System32\gdi32full.dll
0x00007ffadc730000 - 0x00007ffadc9c3000 	C:\Windows\WinSxS\amd64_microsoft.windows.common-controls_6595b64144ccf1df_6.0.22621.2506_none_270c5ae97388e100\COMCTL32.dll
0x00007ffadd680000 - 0x00007ffadd71a000 	C:\Windows\System32\msvcp_win.dll
0x00007ffadf550000 - 0x00007ffadf5f7000 	C:\Windows\System32\msvcrt.dll
0x00007ffadee70000 - 0x00007ffadeea1000 	C:\Windows\System32\IMM32.DLL
0x00007ffad77a0000 - 0x00007ffad77ac000 	C:\Program Files\Eclipse Adoptium\jdk-17.0.18.8-hotspot\bin\vcruntime140_1.dll
0x00007ffaa8110000 - 0x00007ffaa819d000 	C:\Program Files\Eclipse Adoptium\jdk-17.0.18.8-hotspot\bin\msvcp140.dll
0x00007ffa5aba0000 - 0x00007ffa5b80b000 	C:\Program Files\Eclipse Adoptium\jdk-17.0.18.8-hotspot\bin\server\jvm.dll
0x00007ffadf2c0000 - 0x00007ffadf370000 	C:\Windows\System32\ADVAPI32.dll
0x00007ffadeec0000 - 0x00007ffadef66000 	C:\Windows\System32\sechost.dll
0x00007ffae0010000 - 0x00007ffae0127000 	C:\Windows\System32\RPCRT4.dll
0x00007ffade5a0000 - 0x00007ffade611000 	C:\Windows\System32\WS2_32.dll
0x00007ffadce30000 - 0x00007ffadce7d000 	C:\Windows\SYSTEM32\POWRPROF.dll
0x00007ffadc300000 - 0x00007ffadc30a000 	C:\Windows\SYSTEM32\VERSION.dll
0x00007ffad4460000 - 0x00007ffad4494000 	C:\Windows\SYSTEM32\WINMM.dll
0x00007ffadccb0000 - 0x00007ffadccc3000 	C:\Windows\SYSTEM32\UMPDC.dll
0x00007ffadb5a0000 - 0x00007ffadb5b8000 	C:\Windows\SYSTEM32\kernel.appcore.dll
0x00007ffad3d70000 - 0x00007ffad3d7a000 	C:\Program Files\Eclipse Adoptium\jdk-17.0.18.8-hotspot\bin\jimage.dll
0x00007ffadce80000 - 0x00007ffadd0b3000 	C:\Windows\SYSTEM32\DBGHELP.DLL
0x00007ffade920000 - 0x00007ffadeca9000 	C:\Windows\System32\combase.dll
0x00007ffadf370000 - 0x00007ffadf447000 	C:\Windows\System32\OLEAUT32.dll
0x00007ffadccd0000 - 0x00007ffadcd02000 	C:\Windows\SYSTEM32\dbgcore.DLL
0x00007ffadd7e0000 - 0x00007ffadd85a000 	C:\Windows\System32\bcryptPrimitives.dll
0x00007ffac4900000 - 0x00007ffac490e000 	C:\Program Files\Eclipse Adoptium\jdk-17.0.18.8-hotspot\bin\instrument.dll
0x00007ffaab9d0000 - 0x00007ffaab9f5000 	C:\Program Files\Eclipse Adoptium\jdk-17.0.18.8-hotspot\bin\java.dll
0x00007ffaa8030000 - 0x00007ffaa8107000 	C:\Program Files\Eclipse Adoptium\jdk-17.0.18.8-hotspot\bin\jsvml.dll
0x00007ffadf7b0000 - 0x00007ffae0009000 	C:\Windows\System32\SHELL32.dll
0x00007ffada4d0000 - 0x00007ffadadc4000 	C:\Windows\SYSTEM32\windows.storage.dll
0x00007ffada390000 - 0x00007ffada4ce000 	C:\Windows\SYSTEM32\wintypes.dll
0x00007ffadf150000 - 0x00007ffadf243000 	C:\Windows\System32\SHCORE.dll
0x00007ffadf620000 - 0x00007ffadf67e000 	C:\Windows\System32\shlwapi.dll
0x00007ffadd440000 - 0x00007ffadd466000 	C:\Windows\SYSTEM32\profapi.dll
0x00007ffaaded0000 - 0x00007ffaadee8000 	C:\Program Files\Eclipse Adoptium\jdk-17.0.18.8-hotspot\bin\zip.dll
0x00007ffaaef70000 - 0x00007ffaaef8a000 	C:\Program Files\Eclipse Adoptium\jdk-17.0.18.8-hotspot\bin\net.dll
0x00007ffad5f90000 - 0x00007ffad60c7000 	C:\Windows\SYSTEM32\WINHTTP.dll
0x00007ffadc340000 - 0x00007ffadc3a9000 	C:\Windows\system32\mswsock.dll
0x00007ffaabf10000 - 0x00007ffaabf26000 	C:\Program Files\Eclipse Adoptium\jdk-17.0.18.8-hotspot\bin\nio.dll
0x00007ffac47f0000 - 0x00007ffac47f9000 	C:\Program Files\Eclipse Adoptium\jdk-17.0.18.8-hotspot\bin\extnet.dll
0x00007ffacb090000 - 0x00007ffacb0db000 	C:\Program Files (x86)\Sangfor\SSL\ClientComponent2\SangforNspX64.dll
0x00007ffade620000 - 0x00007ffade7c0000 	C:\Windows\System32\ole32.dll
0x00007ffadeeb0000 - 0x00007ffadeeb8000 	C:\Windows\System32\PSAPI.DLL
0x00007ffadb110000 - 0x00007ffadb209000 	C:\Windows\SYSTEM32\DNSAPI.dll
0x00007ffadb0e0000 - 0x00007ffadb10d000 	C:\Windows\SYSTEM32\IPHLPAPI.DLL
0x00007ffadf2b0000 - 0x00007ffadf2b9000 	C:\Windows\System32\NSI.dll
0x00007ffad4400000 - 0x00007ffad440a000 	C:\Windows\System32\rasadhlp.dll
0x00007ffad47e0000 - 0x00007ffad4863000 	C:\Windows\System32\fwpuclnt.dll
0x00007ffac43e0000 - 0x00007ffac43ea000 	C:\Program Files\Eclipse Adoptium\jdk-17.0.18.8-hotspot\bin\management.dll
0x00007ffab6fb0000 - 0x00007ffab6fbc000 	C:\Program Files\Eclipse Adoptium\jdk-17.0.18.8-hotspot\bin\management_ext.dll
0x00007ffadd1b0000 - 0x00007ffadd1cb000 	C:\Windows\SYSTEM32\CRYPTSP.dll
0x00007ffadb5c0000 - 0x00007ffadb5f5000 	C:\Windows\system32\rsaenh.dll
0x00007ffadc3e0000 - 0x00007ffadc40c000 	C:\Windows\SYSTEM32\USERENV.dll
0x00007ffadcdc0000 - 0x00007ffadcde8000 	C:\Windows\SYSTEM32\bcrypt.dll
0x00007ffadc540000 - 0x00007ffadc54c000 	C:\Windows\SYSTEM32\CRYPTBASE.dll
0x00007ffad5cd0000 - 0x00007ffad5ce9000 	C:\Windows\SYSTEM32\dhcpcsvc6.DLL
0x00007ffad5c40000 - 0x00007ffad5c5f000 	C:\Windows\SYSTEM32\dhcpcsvc.DLL
0x00007ffaa9980000 - 0x00007ffaa9997000 	C:\Windows\system32\napinsp.dll
0x00007ffaa9960000 - 0x00007ffaa997b000 	C:\Windows\system32\pnrpnsp.dll
0x00007ffaa9820000 - 0x00007ffaa9831000 	C:\Windows\System32\winrnr.dll
0x00007ffad4760000 - 0x00007ffad4775000 	C:\Windows\system32\wshbth.dll
0x00007ffaa97f0000 - 0x00007ffaa9811000 	C:\Windows\system32\nlansp_c.dll
0x00007ffac0af0000 - 0x00007ffac0b40000 	C:\Windows\SYSTEM32\pdh.dll
0x00007ffad77c0000 - 0x00007ffad77d1000 	C:\Windows\System32\perfproc.dll
0x00007ffadcd70000 - 0x00007ffadcd80000 	C:\Windows\System32\perfos.dll
0x00007ffad9090000 - 0x00007ffad90a0000 	C:\Windows\SYSTEM32\pfclient.dll

dbghelp: loaded successfully - version: 4.0.5 - missing functions: none
symbol engine: initialized successfully - sym options: 0x614 - pdb path: .;C:\Program Files\Eclipse Adoptium\jdk-17.0.18.8-hotspot\bin;C:\Windows\SYSTEM32;C:\Windows\WinSxS\amd64_microsoft.windows.common-controls_6595b64144ccf1df_6.0.22621.2506_none_270c5ae97388e100;C:\Program Files\Eclipse Adoptium\jdk-17.0.18.8-hotspot\bin\server;C:\Program Files (x86)\Sangfor\SSL\ClientComponent2

VM Arguments:
jvm_args: -javaagent:D:\Program Files\JetBrains\IntelliJ IDEA 2025.3.3\lib\idea_rt.jar=52473 -Dfile.encoding=UTF-8 
java_command: WordGraph
java_class_path (initial): E:\Study Project\ruanjianfongcheng\lab1\out\production\lab1
Launcher Type: SUN_STANDARD

[Global flags]
     intx CICompilerCount                          = 15                                        {product} {ergonomic}
     uint ConcGCThreads                            = 6                                         {product} {ergonomic}
     uint G1ConcRefinementThreads                  = 23                                        {product} {ergonomic}
   size_t G1HeapRegionSize                         = 2097152                                   {product} {ergonomic}
    uintx GCDrainStackTargetSize                   = 64                                        {product} {ergonomic}
   size_t InitialHeapSize                          = 264241152                                 {product} {ergonomic}
   size_t MarkStackSize                            = 4194304                                   {product} {ergonomic}
   size_t MaxHeapSize                              = 4196401152                                {product} {ergonomic}
   size_t MaxNewSize                               = 2516582400                                {product} {ergonomic}
   size_t MinHeapDeltaBytes                        = 2097152                                   {product} {ergonomic}
   size_t MinHeapSize                              = 8388608                                   {product} {ergonomic}
    uintx NonNMethodCodeHeapSize                   = 8192380                                {pd product} {ergonomic}
    uintx NonProfiledCodeHeapSize                  = 121732930                              {pd product} {ergonomic}
    uintx ProfiledCodeHeapSize                     = 121732930                              {pd product} {ergonomic}
    uintx ReservedCodeCacheSize                    = 251658240                              {pd product} {ergonomic}
     bool SegmentedCodeCache                       = true                                      {product} {ergonomic}
   size_t SoftMaxHeapSize                          = 4196401152                             {manageable} {ergonomic}
     bool UseCompressedClassPointers               = true                           {product lp64_product} {ergonomic}
     bool UseCompressedOops                        = true                           {product lp64_product} {ergonomic}
     bool UseG1GC                                  = true                                      {product} {ergonomic}
     bool UseLargePagesIndividualAllocation        = false                                  {pd product} {ergonomic}

Logging:
Log output configuration:
 #0: stdout all=warning uptime,level,tags
 #1: stderr all=off uptime,level,tags

Environment Variables:
JAVA_HOME=C:\Program Files\Eclipse Adoptium\jdk-17.0.18.8-hotspot\
PATH=C:\Program Files\Eclipse Adoptium\jdk-17.0.18.8-hotspot\bin;C:\Python313\Scripts\;C:\Python313\;d:\Tools\cursor\resources\app\bin;D:\Vmware\VMwareWorkstation\bin\;C:\Windows\system32;C:\Windows;C:\Windows\System32\Wbem;C:\Windows\System32\WindowsPowerShell\v1.0\;C:\Windows\System32\OpenSSH\;C:\Program Files (x86)\NVIDIA Corporation\PhysX\Common;C:\Program Files\NVIDIA Corporation\NVIDIA NvDLISR;C:\Program Files\dotnet\;D:\Tools\mingw64\bin;D:\Tools\anaconda3\bin;D:\Tools\MATLAB\runtime\win64;D:\Tools\MATLAB\bin;D:\Tools\Git\cmd;D:\Tools\texlive\2025\bin\windows;C:\Users\asus\AppData\Local\Microsoft\WindowsApps;D:\Tools\cursor\resources\app\bin;d:\Tools\cursor\resources\app\bin;D:\Tools\anaconda3\Library\bin;D:\Tools\anaconda3\Library\mingw-w64\bin;D:\Tools\anaconda3\Scripts;D:\Tools\anaconda3;D:\Tools\nodejs\;C:\ProgramData\chocolatey\bin;C:\Program Files\Docker\Docker\resources\bin;D:\Tools\Strawberry\c\bin;D:\Tools\Strawberry\perl\site\bin;D:\Tools\Strawberry\perl\bin;C:\Program Files\Pandoc\;D:\Program Files\Graphviz\bin;C:\Users\asus\AppData\Local\Microsoft\WindowsApps;D:\Tools\Microsoft VS Code\bin;D:\Tools\cursor\resources\app\bin;C:\Users\asus\AppData\Roaming\npm;D:\Program Files\JetBrains\IntelliJ IDEA 2025.3.3\bin
USERNAME=asus
OS=Windows_NT
PROCESSOR_IDENTIFIER=Intel64 Family 6 Model 183 Stepping 1, GenuineIntel
TMP=C:\Users\asus\AppData\Local\Temp
TEMP=C:\Users\asus\AppData\Local\Temp



Periodic native trim disabled


---------------  S Y S T E M  ---------------

OS:
 Windows 11 , 64 bit Build 22621 (10.0.22621.2506)
OS uptime: 47 days 8:08 hours
Hyper-V role detected

CPU: total 32 (initial active 32) (16 cores per cpu, 2 threads per core) family 6 model 183 stepping 1 microcode 0x12b, cx8, cmov, fxsr, ht, mmx, 3dnowpref, sse, sse2, sse3, ssse3, sse4.1, sse4.2, popcnt, lzcnt, tsc, tscinvbit, avx, avx2, aes, erms, clmul, bmi1, bmi2, adx, sha, fma, vzeroupper, clflush, clflushopt, clwb, hv
Processor Information for processor 0
  Max Mhz: 2200, Current Mhz: 2200, Mhz Limit: 2200
Processor Information for processor 1
  Max Mhz: 2200, Current Mhz: 1466, Mhz Limit: 2200
Processor Information for processor 2
  Max Mhz: 2200, Current Mhz: 2200, Mhz Limit: 2200
Processor Information for processor 3
  Max Mhz: 2200, Current Mhz: 1466, Mhz Limit: 2200
Processor Information for processor 4
  Max Mhz: 2200, Current Mhz: 1466, Mhz Limit: 2200
Processor Information for processor 5
  Max Mhz: 2200, Current Mhz: 2200, Mhz Limit: 2200
Processor Information for processor 6
  Max Mhz: 2200, Current Mhz: 2200, Mhz Limit: 2200
Processor Information for processor 7
  Max Mhz: 2200, Current Mhz: 1466, Mhz Limit: 2200
Processor Information for processor 8
  Max Mhz: 2200, Current Mhz: 1466, Mhz Limit: 2200
Processor Information for processor 9
  Max Mhz: 2200, Current Mhz: 2200, Mhz Limit: 2200
Processor Information for processor 10
  Max Mhz: 2200, Current Mhz: 2200, Mhz Limit: 2200
Processor Information for processor 11
  Max Mhz: 2200, Current Mhz: 1466, Mhz Limit: 2200
Processor Information for processor 12
  Max Mhz: 2200, Current Mhz: 2200, Mhz Limit: 2200
Processor Information for processor 13
  Max Mhz: 2200, Current Mhz: 1466, Mhz Limit: 2200
Processor Information for processor 14
  Max Mhz: 2200, Current Mhz: 2200, Mhz Limit: 2200
Processor Information for processor 15
  Max Mhz: 2200, Current Mhz: 1466, Mhz Limit: 2200
Processor Information for processor 16
  Max Mhz: 2200, Current Mhz: 1500, Mhz Limit: 1584
Processor Information for processor 17
  Max Mhz: 2200, Current Mhz: 1600, Mhz Limit: 1584
Processor Information for processor 18
  Max Mhz: 2200, Current Mhz: 1500, Mhz Limit: 1584
Processor Information for processor 19
  Max Mhz: 2200, Current Mhz: 1500, Mhz Limit: 1584
Processor Information for processor 20
  Max Mhz: 2200, Current Mhz: 1600, Mhz Limit: 1584
Processor Information for processor 21
  Max Mhz: 2200, Current Mhz: 1500, Mhz Limit: 1584
Processor Information for processor 22
  Max Mhz: 2200, Current Mhz: 1500, Mhz Limit: 1584
Processor Information for processor 23
  Max Mhz: 2200, Current Mhz: 1500, Mhz Limit: 1584
Processor Information for processor 24
  Max Mhz: 2200, Current Mhz: 1500, Mhz Limit: 1584
Processor Information for processor 25
  Max Mhz: 2200, Current Mhz: 1500, Mhz Limit: 1584
Processor Information for processor 26
  Max Mhz: 2200, Current Mhz: 1500, Mhz Limit: 1584
Processor Information for processor 27
  Max Mhz: 2200, Current Mhz: 1500, Mhz Limit: 1584
Processor Information for processor 28
  Max Mhz: 2200, Current Mhz: 1500, Mhz Limit: 1584
Processor Information for processor 29
  Max Mhz: 2200, Current Mhz: 1500, Mhz Limit: 1584
Processor Information for processor 30
  Max Mhz: 2200, Current Mhz: 1500, Mhz Limit: 1584
Processor Information for processor 31
  Max Mhz: 2200, Current Mhz: 1500, Mhz Limit: 1584

Memory: 4k page, system-wide physical 16002M (19M free)
TotalPageFile size 55385M (AvailPageFile size 0M)
current process WorkingSet (physical memory assigned to process): 5M, peak: 143M
current process commit charge ("private bytes"): 389M, peak: 406M

vm_info: OpenJDK 64-Bit Server VM (17.0.18+8) for windows-amd64 JRE (17.0.18+8), built on Jan 20 2026 22:28:22 by "admin" with MS VC++ 17.12 (VS2022)

END.
